TypeError: Cannot set property query of #<IncomingMessage> which has only a getter
    at C:\Web-Development\RESUME-PROJECT\SplitSmart\backend\node_modules\express-mongo-sanitize\index.js:113:18
    at Array.forEach (<anonymous>)
    at C:\Web-Development\RESUME-PROJECT\SplitSmart\backend\node_modules\express-mongo-sanitize\index.js:110:44
    at Layer.handleRequest (C:\Web-Development\RESUME-PROJECT\SplitSmart\backend\node_modules\router\lib\layer.js:152:17)
    at trimPrefix (C:\Web-Development\RESUME-PROJECT\SplitSmart\backend\node_modules\router\index.js:342:13)
    at C:\Web-Development\RESUME-PROJECT\SplitSmart\backend\node_modules\router\index.js:297:9
    at processParams (C:\Web-Development\RESUME-PROJECT\SplitSmart\backend\node_modules\router\index.js:582:12)
    at next (C:\Web-Development\RESUME-PROJECT\SplitSmart\backend\node_modules\router\index.js:291:5)
    at cookieParser (C:\Web-Development\RESUME-PROJECT\SplitSmart\backend\node_modules\cookie-parser\index.js:57:14)
    at Layer.handleRequest (C:\Web-Development\RESUME-PROJECT\SplitSmart\backend\node_modules\router\lib\layer.js:152:17)
